// Jest Snapshot v1, https://goo.gl/fbAQLP

exports[`renders App 1`] = `
Array [
  <header>
    <div
      className="logo-container"
    >
      <h1>
        Math Magicians
      </h1>
    </div>
    <nav>
      <ul>
        <li>
          <a
            aria-current="page"
            className="active"
            href="/"
            onClick={[Function]}
          >
            Home
          </a>
        </li>
         | 
        <li>
          <a
            className=""
            href="/calculator"
            onClick={[Function]}
          >
            Calculator
          </a>
        </li>
         | 
        <li>
          <a
            className=""
            href="/quote"
            onClick={[Function]}
          >
            Quote
          </a>
        </li>
      </ul>
    </nav>
  </header>,
  <div
    className="App"
  >
    <div
      className="home-wrapper"
    >
      <h2>
        Welcome to our page!
      </h2>
      <section
        className="home-about"
      >
        <p>
          Lorem ipsum dolor sit amet, consectetur adipiscing elit, sed do eiusmod tempor incididunt ut labore et dolore magna aliqua. Ut enim ad minim veniam, quis nostrud exercitation ullamco laboris nisi ut aliquip ex ea commodo consequat. Lorem ipsum dolor sit amet, consectetur adipiscing elit, sed do eiusmod tempor incididunt ut labore et dolore magna aliqua. Ut enim ad minim veniam, quis nostrud exercitation ullamco laboris nisi ut aliquip ex ea commodo consequat.
        </p>
        <p>
          Lorem ipsum dolor sit amet, consectetur adipiscing elit, sed do eiusmod tempor incididunt ut labore et dolore magna aliqua. Ut enim ad minim veniam, quis nostrud exercitation ullamco laboris nisi ut aliquip ex ea commodo consequat. Lorem ipsum dolor sit amet, consectetur adipiscing elit, sed do eiusmod tempor incididunt ut labore et dolore magna aliqua. Ut enim ad minim veniam, quis nostrud exercitation ullamco laboris nisi ut aliquip ex ea commodo consequat.
        </p>
      </section>
    </div>
  </div>,
]
`;
