// Jest Snapshot v1, https://goo.gl/fbAQLP

exports[`Should render the Header 1`] = `
<header>
  <div
    className="logo-container"
  >
    <h1>
      Math Magicians
    </h1>
  </div>
  <nav>
    <ul>
      <li>
        <a
          aria-current="page"
          className="active"
          href="/"
          onClick={[Function]}
        >
          Home
        </a>
      </li>
       | 
      <li>
        <a
          className=""
          href="/calculator"
          onClick={[Function]}
        >
          Calculator
        </a>
      </li>
       | 
      <li>
        <a
          className=""
          href="/quote"
          onClick={[Function]}
        >
          Quote
        </a>
      </li>
    </ul>
  </nav>
</header>
`;
